[09:54:00] [main/INFO] (FabricLoader/GameProvider) Loading Minecraft 1.21.5 with Fabric Loader 0.17.2
[09:54:00] [ForkJoinPool-1-worker-1/WARN] (FabricLoader/Metadata) "fabric.mod.json" from mod dreamworld did not have "schemaVersion" as first field.
[09:54:00] [main/INFO] (FabricLoader) Loading 56 mods:
	- dreamworld 1.0.0
	- fabric-api 0.128.2+1.21.5
	- fabric-api-base 0.4.62+73a52b4b49
	- fabric-api-lookup-api-v1 1.6.96+86c3a9f149
	- fabric-biome-api-v1 16.0.7+2dd063df49
	- fabric-block-api-v1 1.1.0+ed91556f49
	- fabric-block-view-api-v2 1.0.26+aa6d566c49
	- fabric-blockrenderlayer-v1 2.0.16+86c3a9f149
	- fabric-client-gametest-api-v1 4.2.0+dac2d6e349
	- fabric-client-tags-api-v1 1.1.37+86c3a9f149
	- fabric-command-api-v1 1.2.70+f71b366f49
	- fabric-command-api-v2 2.2.49+73a52b4b49
	- fabric-commands-v0 0.2.87+df3654b349
	- fabric-content-registries-v0 10.0.14+3e6c1f7d49
	- fabric-convention-tags-v1 2.1.33+7f945d5b49
	- fabric-convention-tags-v2 2.15.2+6d9989f349
	- fabric-crash-report-info-v1 0.3.12+86c3a9f149
	- fabric-data-attachment-api-v1 1.8.5+6d9989f349
	- fabric-data-generation-api-v1 22.5.2+a0fab30c49
	- fabric-dimensions-v1 4.0.17+3e6c1f7d49
	- fabric-entity-events-v1 2.1.0+3ce7866349
	- fabric-events-interaction-v0 4.0.15+64e3057949
	- fabric-game-rule-api-v1 1.0.70+c327076a49
	- fabric-gametest-api-v1 3.1.3+2a6ec84b49
	- fabric-item-api-v1 11.5.0+0620fe4749
	- fabric-item-group-api-v1 4.2.9+3459fc6149
	- fabric-key-binding-api-v1 1.0.63+ecf51cdc49
	- fabric-keybindings-v0 0.2.61+df3654b349
	- fabric-language-kotlin 1.13.5+kotlin.2.2.10
	- fabric-lifecycle-events-v1 2.6.0+230071a049
	- fabric-loot-api-v2 3.0.48+3f89f5a549
	- fabric-loot-api-v3 1.0.36+86c3a9f149
	- fabric-message-api-v1 6.1.0+fe971bba49
	- fabric-model-loading-api-v1 5.2.3+5281b90749
	- fabric-networking-api-v1 4.5.0+775be32c49
	- fabric-object-builder-api-v1 21.1.2+b8d6ba7049
	- fabric-particles-v1 4.1.2+112e550e49
	- fabric-recipe-api-v1 8.1.8+3235ab3249
	- fabric-registry-sync-v0 6.1.22+cd64004349
	- fabric-renderer-api-v1 6.1.2+bdf4842249
	- fabric-renderer-indigo 3.1.2+5281b90749
	- fabric-rendering-data-attachment-v1 0.3.64+73761d2e49
	- fabric-rendering-fluids-v1 3.1.27+86c3a9f149
	- fabric-rendering-v1 11.3.0+a272b33849
	- fabric-resource-conditions-api-v1 5.0.21+73a52b4b49
	- fabric-resource-loader-v0 3.1.7+847e5f5c49
	- fabric-screen-api-v1 2.0.46+86c3a9f149
	- fabric-screen-handler-api-v1 1.3.129+c327076a49
	- fabric-sound-api-v1 1.0.38+86c3a9f149
	- fabric-tag-api-v1 1.0.17+ecf51cdc49
	- fabric-transfer-api-v1 5.4.24+7b20cbb049
	- fabric-transitive-access-wideners-v1 6.3.17+f17a180c49
	- fabricloader 0.17.2
	- java 21
	- minecraft 1.21.5
	- mixinextras 0.5.0
[09:54:00] [main/INFO] (FabricLoader/Mixin) SpongePowered MIXIN Subsystem Version=0.8.7 Source=file:/Users/xavier/.gradle/caches/modules-2/files-2.1/net.fabricmc/sponge-mixin/0.16.3+mixin.0.8.7/3e535042688d1265447e52ad86950b7d9678a5fa/sponge-mixin-0.16.3+mixin.0.8.7.jar Service=Knot/Fabric Env=CLIENT
[09:54:00] [main/INFO] (FabricLoader/Mixin) Loaded Fabric development mappings for mixin remapper!
[09:54:00] [main/INFO] (FabricLoader/Mixin) Compatibility level set to JAVA_21
[09:54:00] [main/WARN] (FabricLoader/Mixin) Reference map 'dreamworld.refmap.json' for dreamworld.mixins.json could not be read. If this is a development environment you can ignore this message
[09:54:01] [main/INFO] (FabricLoader/MixinExtras|Service) Initializing MixinExtras via com.llamalad7.mixinextras.service.MixinExtrasServiceImpl(version=0.5.0).
[09:54:02] [Datafixer Bootstrap/INFO] (Minecraft) 263 Datafixer optimizations took 781 milliseconds
[09:54:05] [Render thread/INFO] (Minecraft) Environment: Environment[sessionHost=https://sessionserver.mojang.com, servicesHost=https://api.minecraftservices.com, name=PROD]
[09:54:06] [Render thread/INFO] (Minecraft) Setting user: Player488
[09:54:06] [Render thread/INFO] (Minecraft) [STDOUT]: Dream World Mod initialized with 7 dream dimensions!
[09:54:06] [Render thread/INFO] (Indigo) [Indigo] Registering Indigo renderer!
[09:54:06] [Render thread/INFO] (Minecraft) Backend library: LWJGL version 3.3.3-snapshot
[09:54:07] [Render thread/INFO] (Minecraft) Using optional rendering extensions: 
[09:54:08] [Download-1/INFO] (Minecraft) Could not authorize you against Realms server: java.lang.RuntimeException: Failed to parse into SignedJWT: FabricMC
[09:54:08] [Download-1/ERROR] (Minecraft) Failed to fetch Realms feature flags
net.minecraft.client.realms.exception.RealmsServiceException: Realms authentication error with message 'java.lang.RuntimeException: Failed to parse into SignedJWT: FabricMC'
	at knot/net.minecraft.client.realms.RealmsClient.execute(RealmsClient.java:495) ~[minecraft-merged-736b6061eb-1.21.5-net.fabricmc.yarn.1_21_5.1.21.5+build.1-v2.jar:?]
	at knot/net.minecraft.client.realms.RealmsClient.fetchFeatureFlags(RealmsClient.java:177) ~[minecraft-merged-736b6061eb-1.21.5-net.fabricmc.yarn.1_21_5.1.21.5+build.1-v2.jar:?]
	at java.base/java.util.concurrent.CompletableFuture$AsyncSupply.run(CompletableFuture.java:1768) ~[?:?]
	at java.base/java.util.concurrent.ThreadPoolExecutor.runWorker(ThreadPoolExecutor.java:1144) ~[?:?]
	at java.base/java.util.concurrent.ThreadPoolExecutor$Worker.run(ThreadPoolExecutor.java:642) ~[?:?]
	at java.base/java.lang.Thread.run(Thread.java:1583) [?:?]
[09:54:08] [Render thread/INFO] (Minecraft) Reloading ResourceManager: vanilla, fabric, fabric-api, fabric-api-base, fabric-api-lookup-api-v1, fabric-biome-api-v1, fabric-block-api-v1, fabric-block-view-api-v2, fabric-blockrenderlayer-v1, fabric-client-gametest-api-v1, fabric-client-tags-api-v1, fabric-command-api-v1, fabric-command-api-v2, fabric-commands-v0, fabric-content-registries-v0, fabric-convention-tags-v1, fabric-convention-tags-v2, fabric-crash-report-info-v1, fabric-data-attachment-api-v1, fabric-data-generation-api-v1, fabric-dimensions-v1, fabric-entity-events-v1, fabric-events-interaction-v0, fabric-game-rule-api-v1, fabric-gametest-api-v1, fabric-item-api-v1, fabric-item-group-api-v1, fabric-key-binding-api-v1, fabric-keybindings-v0, fabric-language-kotlin, fabric-lifecycle-events-v1, fabric-loot-api-v2, fabric-loot-api-v3, fabric-message-api-v1, fabric-model-loading-api-v1, fabric-networking-api-v1, fabric-object-builder-api-v1, fabric-particles-v1, fabric-recipe-api-v1, fabric-registry-sync-v0, fabric-renderer-api-v1, fabric-renderer-indigo, fabric-rendering-data-attachment-v1, fabric-rendering-fluids-v1, fabric-rendering-v1, fabric-resource-conditions-api-v1, fabric-resource-loader-v0, fabric-screen-api-v1, fabric-screen-handler-api-v1, fabric-sound-api-v1, fabric-tag-api-v1, fabric-transfer-api-v1, fabric-transitive-access-wideners-v1, fabricloader
[09:54:08] [Worker-Main-1/INFO] (Minecraft) Found unifont_all_no_pua-16.0.01.hex, loading
[09:54:08] [Worker-Main-4/INFO] (Minecraft) Found unifont_jp_patch-16.0.01.hex, loading
[09:54:09] [Render thread/WARN] (Minecraft) Found unknown and unsupported uniform Sampler1 in minecraft:pipeline/armor_decal_cutout_no_cull
[09:54:09] [Render thread/WARN] (Minecraft) Found unknown and unsupported uniform Sampler1 in minecraft:pipeline/armor_translucent
[09:54:09] [Render thread/WARN] (Minecraft) Found unknown and unsupported uniform Sampler1 in minecraft:pipeline/entity_no_outline
[09:54:09] [Render thread/WARN] (Minecraft) Found unknown and unsupported uniform Sampler2 in minecraft:pipeline/eyes
[09:54:09] [Render thread/WARN] (Minecraft) Found unknown and unsupported uniform Sampler1 in minecraft:pipeline/eyes
[09:54:09] [Render thread/WARN] (Minecraft) Found unknown and unsupported uniform Sampler1 in minecraft:pipeline/breeze_wind
[09:54:09] [Render thread/WARN] (Minecraft) Found unknown and unsupported uniform Sampler1 in minecraft:pipeline/armor_cutout_no_cull
[09:54:09] [Render thread/WARN] (Minecraft) Found unknown and unsupported uniform Sampler2 in minecraft:pipeline/energy_swirl
[09:54:09] [Render thread/WARN] (Minecraft) Found unknown and unsupported uniform Sampler1 in minecraft:pipeline/energy_swirl
[09:54:09] [Render thread/INFO] (Minecraft) OpenAL initialized on device iMac Speakers
[09:54:09] [Render thread/INFO] (Minecraft) Sound engine started
[09:54:09] [Render thread/INFO] (Minecraft) Created: 1024x512x4 minecraft:textures/atlas/blocks.png-atlas
[09:54:09] [Render thread/INFO] (Minecraft) Created: 256x256x4 minecraft:textures/atlas/signs.png-atlas
[09:54:09] [Render thread/INFO] (Minecraft) Created: 512x512x4 minecraft:textures/atlas/shield_patterns.png-atlas
[09:54:09] [Render thread/INFO] (Minecraft) Created: 512x512x4 minecraft:textures/atlas/banner_patterns.png-atlas
[09:54:09] [Render thread/INFO] (Minecraft) Created: 2048x1024x4 minecraft:textures/atlas/armor_trims.png-atlas
[09:54:09] [Render thread/INFO] (Minecraft) Created: 128x64x4 minecraft:textures/atlas/decorated_pot.png-atlas
[09:54:09] [Render thread/INFO] (Minecraft) Created: 256x256x4 minecraft:textures/atlas/chest.png-atlas
[09:54:09] [Render thread/INFO] (Minecraft) Created: 512x256x4 minecraft:textures/atlas/beds.png-atlas
[09:54:09] [Render thread/INFO] (Minecraft) Created: 512x256x4 minecraft:textures/atlas/shulker_boxes.png-atlas
[09:54:09] [Render thread/INFO] (Minecraft) Created: 64x64x0 minecraft:textures/atlas/map_decorations.png-atlas
[09:54:09] [Render thread/INFO] (Minecraft) Created: 512x256x0 minecraft:textures/atlas/particles.png-atlas
[09:54:09] [Render thread/INFO] (Minecraft) Created: 512x256x0 minecraft:textures/atlas/paintings.png-atlas
[09:54:09] [Render thread/INFO] (Minecraft) Created: 256x128x0 minecraft:textures/atlas/mob_effects.png-atlas
[09:54:09] [Render thread/INFO] (Minecraft) Created: 1024x512x0 minecraft:textures/atlas/gui.png-atlas
[09:54:31] [Render thread/ERROR] (Minecraft) Unknown biome, defaulting to plains
[09:54:32] [Render thread/INFO] (Minecraft) Loaded 1373 recipes
[09:54:32] [Render thread/INFO] (Minecraft) Loaded 1484 advancements
[09:54:41] [Render thread/INFO] (BiomeModificationImpl) Applied 0 biome modifications to 0 of 65 new biomes in 624.2 μs
[09:54:41] [Server thread/INFO] (Minecraft) Starting integrated minecraft server version 1.21.5
[09:54:41] [Server thread/INFO] (Minecraft) Generating keypair
[09:54:44] [Server thread/INFO] (Minecraft) Preparing start region for dimension minecraft:overworld
[09:54:44] [Render thread/INFO] (Minecraft) Preparing spawn area: 2%
[09:54:44] [Render thread/INFO] (Minecraft) Preparing spawn area: 2%
[09:54:45] [Render thread/INFO] (Minecraft) Preparing spawn area: 18%
[09:54:45] [Render thread/INFO] (Minecraft) Preparing spawn area: 20%
[09:54:46] [Render thread/INFO] (Minecraft) Preparing spawn area: 51%
[09:54:46] [Render thread/INFO] (Minecraft) Time elapsed: 2141 ms
[09:54:46] [Server thread/INFO] (Minecraft) Changing view distance to 12, from 10
[09:54:46] [Server thread/INFO] (Minecraft) Changing simulation distance to 12, from 0
[09:54:46] [Server thread/INFO] (Minecraft) Player488[local:E:0385df60] logged in with entity id 3 at (22.5, 72.0, -70.5)
[09:54:46] [Server thread/INFO] (Minecraft) Player488 joined the game
[09:54:47] [Render thread/INFO] (Minecraft) Loaded 2 advancements
[09:54:56] [Server thread/INFO] (Minecraft) Saving and pausing game...
[09:54:56] [Server thread/INFO] (Minecraft) Saving chunks for level 'ServerLevel[New World]'/minecraft:overworld
[09:54:56] [Server thread/INFO] (Minecraft) Saving chunks for level 'ServerLevel[New World]'/dreamworld:stone_world
[09:54:56] [Server thread/INFO] (Minecraft) Saving chunks for level 'ServerLevel[New World]'/dreamworld:endless_ocean
[09:54:56] [Server thread/INFO] (Minecraft) Saving chunks for level 'ServerLevel[New World]'/dreamworld:upside_down_mountains
[09:54:56] [Server thread/INFO] (Minecraft) Saving chunks for level 'ServerLevel[New World]'/dreamworld:dream_world
[09:54:56] [Server thread/INFO] (Minecraft) Saving chunks for level 'ServerLevel[New World]'/minecraft:the_end
[09:54:56] [Server thread/INFO] (Minecraft) Saving chunks for level 'ServerLevel[New World]'/dreamworld:crystal_caves
[09:54:56] [Server thread/INFO] (Minecraft) Saving chunks for level 'ServerLevel[New World]'/dreamworld:nightmare_realm
[09:54:56] [Server thread/INFO] (Minecraft) Saving chunks for level 'ServerLevel[New World]'/minecraft:the_nether
[09:54:56] [Server thread/INFO] (Minecraft) Saving chunks for level 'ServerLevel[New World]'/dreamworld:floating_islands
[09:54:58] [Server thread/INFO] (Minecraft) Player488 lost connection: Disconnected
[09:54:58] [Server thread/INFO] (Minecraft) Player488 left the game
[09:54:58] [Server thread/INFO] (Minecraft) Stopping singleplayer server as player logged out
[09:54:58] [Server thread/INFO] (Minecraft) Stopping server
[09:54:58] [Server thread/INFO] (Minecraft) Saving players
[09:54:58] [Server thread/INFO] (Minecraft) Saving worlds
[09:54:58] [Server thread/INFO] (Minecraft) Saving chunks for level 'ServerLevel[New World]'/minecraft:overworld
[09:54:59] [Server thread/INFO] (Minecraft) Saving chunks for level 'ServerLevel[New World]'/dreamworld:stone_world
[09:54:59] [Server thread/INFO] (Minecraft) Saving chunks for level 'ServerLevel[New World]'/dreamworld:endless_ocean
[09:54:59] [Server thread/INFO] (Minecraft) Saving chunks for level 'ServerLevel[New World]'/dreamworld:upside_down_mountains
[09:54:59] [Server thread/INFO] (Minecraft) Saving chunks for level 'ServerLevel[New World]'/dreamworld:dream_world
[09:54:59] [Server thread/INFO] (Minecraft) Saving chunks for level 'ServerLevel[New World]'/minecraft:the_end
[09:54:59] [Server thread/INFO] (Minecraft) Saving chunks for level 'ServerLevel[New World]'/dreamworld:crystal_caves
[09:54:59] [Server thread/INFO] (Minecraft) Saving chunks for level 'ServerLevel[New World]'/dreamworld:nightmare_realm
[09:54:59] [Server thread/INFO] (Minecraft) Saving chunks for level 'ServerLevel[New World]'/minecraft:the_nether
[09:54:59] [Server thread/INFO] (Minecraft) Saving chunks for level 'ServerLevel[New World]'/dreamworld:floating_islands
[09:54:59] [Server thread/INFO] (Minecraft) ThreadedAnvilChunkStorage (New World (3)): All chunks are saved
[09:54:59] [Server thread/INFO] (Minecraft) ThreadedAnvilChunkStorage (stone_world): All chunks are saved
[09:54:59] [Server thread/INFO] (Minecraft) ThreadedAnvilChunkStorage (endless_ocean): All chunks are saved
[09:54:59] [Server thread/INFO] (Minecraft) ThreadedAnvilChunkStorage (upside_down_mountains): All chunks are saved
[09:54:59] [Server thread/INFO] (Minecraft) ThreadedAnvilChunkStorage (dream_world): All chunks are saved
[09:54:59] [Server thread/INFO] (Minecraft) ThreadedAnvilChunkStorage (DIM1): All chunks are saved
[09:54:59] [Server thread/INFO] (Minecraft) ThreadedAnvilChunkStorage (crystal_caves): All chunks are saved
[09:54:59] [Server thread/INFO] (Minecraft) ThreadedAnvilChunkStorage (nightmare_realm): All chunks are saved
[09:54:59] [Server thread/INFO] (Minecraft) ThreadedAnvilChunkStorage (DIM-1): All chunks are saved
[09:54:59] [Server thread/INFO] (Minecraft) ThreadedAnvilChunkStorage (floating_islands): All chunks are saved
[09:54:59] [Server thread/INFO] (Minecraft) ThreadedAnvilChunkStorage: All dimensions are saved
[09:55:03] [Render thread/INFO] (Minecraft) Deleting level New World (3)
[09:55:03] [Render thread/INFO] (Minecraft) Attempt 1...
[09:55:05] [Render thread/ERROR] (Minecraft) Unknown biome, defaulting to plains
[09:55:05] [Render thread/INFO] (Minecraft) Loaded 1373 recipes
[09:55:05] [Render thread/INFO] (Minecraft) Loaded 1484 advancements
[09:55:09] [Render thread/INFO] (BiomeModificationImpl) Applied 0 biome modifications to 0 of 65 new biomes in 242.3 μs
[09:55:09] [Server thread/INFO] (Minecraft) Starting integrated minecraft server version 1.21.5
[09:55:09] [Server thread/INFO] (Minecraft) Generating keypair
[09:55:10] [Server thread/INFO] (Minecraft) Preparing start region for dimension minecraft:overworld
[09:55:10] [Render thread/INFO] (Minecraft) Preparing spawn area: 2%
[09:55:11] [Render thread/INFO] (Minecraft) Preparing spawn area: 18%
[09:55:11] [Render thread/INFO] (Minecraft) Preparing spawn area: 51%
[09:55:12] [Render thread/INFO] (Minecraft) Preparing spawn area: 51%
[09:55:12] [Render thread/INFO] (Minecraft) Time elapsed: 1548 ms
[09:55:12] [Server thread/INFO] (Minecraft) Changing view distance to 12, from 10
[09:55:12] [Server thread/INFO] (Minecraft) Changing simulation distance to 12, from 0
[09:55:12] [Server thread/INFO] (Minecraft) Player488[local:E:b73390fa] logged in with entity id 548 at (-9.5, 68.0, 2.5)
[09:55:12] [Server thread/INFO] (Minecraft) Player488 joined the game
[09:55:12] [Render thread/INFO] (Minecraft) Loaded 2 advancements
[09:55:24] [Render thread/INFO] (Minecraft) [System] [CHAT] Respawn point set
[09:55:30] [Server thread/INFO] (Minecraft) [Player488: Set the time to 13000]
[09:55:30] [Render thread/INFO] (Minecraft) [System] [CHAT] Set the time to 13000
[09:55:35] [Render thread/INFO] (Minecraft) [System] [CHAT] §5Crystalline beauty surrounds you in glittering caves...
[09:55:35] [Sound engine/ERROR] (Minecraft) Stop: Invalid name parameter.
[09:55:35] [Server thread/INFO] (Minecraft) [STDOUT]: Player Player488 teleported to crystal caves!
[09:55:35] [Render thread/INFO] (Minecraft) [System] [CHAT] §5The crystals illuminate your path...
[09:55:54] [Server thread/INFO] (Minecraft) [STDOUT]: Player Player488 teleported to crystal caves!
[09:55:54] [Render thread/INFO] (Minecraft) [System] [CHAT] §5Crystalline beauty surrounds you in glittering caves...
[09:55:54] [Render thread/INFO] (Minecraft) [System] [CHAT] §5The crystals illuminate your path...
[09:56:01] [Server thread/INFO] (Minecraft) [STDOUT]: Player Player488 teleported to dream world!
[09:56:01] [Render thread/INFO] (Minecraft) [System] [CHAT] §dYou drift into a strange dream...
[09:56:10] [Server thread/INFO] (Minecraft) Player488 was killed
[09:56:10] [Server thread/INFO] (Minecraft) [Player488: Killed Player488]
[09:56:10] [Render thread/INFO] (Minecraft) [System] [CHAT] Player488 was killed
[09:56:10] [Render thread/INFO] (Minecraft) [System] [CHAT] Killed Player488
[09:56:15] [Server thread/INFO] (Minecraft) Saving and pausing game...
[09:56:15] [Server thread/INFO] (Minecraft) Saving chunks for level 'ServerLevel[New World]'/minecraft:overworld
[09:56:15] [Server thread/INFO] (Minecraft) Saving chunks for level 'ServerLevel[New World]'/dreamworld:stone_world
[09:56:15] [Server thread/INFO] (Minecraft) Saving chunks for level 'ServerLevel[New World]'/dreamworld:endless_ocean
[09:56:15] [Server thread/INFO] (Minecraft) Saving chunks for level 'ServerLevel[New World]'/dreamworld:upside_down_mountains
[09:56:15] [Server thread/INFO] (Minecraft) Saving chunks for level 'ServerLevel[New World]'/dreamworld:dream_world
[09:56:15] [Server thread/INFO] (Minecraft) Saving chunks for level 'ServerLevel[New World]'/minecraft:the_end
[09:56:15] [Server thread/INFO] (Minecraft) Saving chunks for level 'ServerLevel[New World]'/dreamworld:crystal_caves
[09:56:15] [Server thread/INFO] (Minecraft) Saving chunks for level 'ServerLevel[New World]'/dreamworld:nightmare_realm
[09:56:15] [Server thread/INFO] (Minecraft) Saving chunks for level 'ServerLevel[New World]'/minecraft:the_nether
[09:56:15] [Server thread/INFO] (Minecraft) Saving chunks for level 'ServerLevel[New World]'/dreamworld:floating_islands
[09:56:16] [Render thread/INFO] (Minecraft) Stopping!
[09:56:16] [Server thread/INFO] (Minecraft) Player488 lost connection: Disconnected
[09:56:16] [Server thread/INFO] (Minecraft) Player488 left the game
[09:56:16] [Server thread/INFO] (Minecraft) Stopping singleplayer server as player logged out
[09:56:16] [Server thread/INFO] (Minecraft) Stopping server
[09:56:16] [Server thread/INFO] (Minecraft) Saving players
[09:56:16] [Server thread/INFO] (Minecraft) Saving worlds
[09:56:16] [Server thread/INFO] (Minecraft) Saving chunks for level 'ServerLevel[New World]'/minecraft:overworld
[09:56:16] [Server thread/INFO] (Minecraft) Saving chunks for level 'ServerLevel[New World]'/dreamworld:stone_world
[09:56:16] [Server thread/INFO] (Minecraft) Saving chunks for level 'ServerLevel[New World]'/dreamworld:endless_ocean
[09:56:16] [Server thread/INFO] (Minecraft) Saving chunks for level 'ServerLevel[New World]'/dreamworld:upside_down_mountains
[09:56:16] [Server thread/INFO] (Minecraft) Saving chunks for level 'ServerLevel[New World]'/dreamworld:dream_world
[09:56:16] [Server thread/INFO] (Minecraft) Saving chunks for level 'ServerLevel[New World]'/minecraft:the_end
[09:56:16] [Server thread/INFO] (Minecraft) Saving chunks for level 'ServerLevel[New World]'/dreamworld:crystal_caves
[09:56:16] [Server thread/INFO] (Minecraft) Saving chunks for level 'ServerLevel[New World]'/dreamworld:nightmare_realm
[09:56:16] [Server thread/INFO] (Minecraft) Saving chunks for level 'ServerLevel[New World]'/minecraft:the_nether
[09:56:16] [Server thread/INFO] (Minecraft) Saving chunks for level 'ServerLevel[New World]'/dreamworld:floating_islands
[09:56:16] [Server thread/INFO] (Minecraft) ThreadedAnvilChunkStorage (New World (3)): All chunks are saved
[09:56:16] [Server thread/INFO] (Minecraft) ThreadedAnvilChunkStorage (stone_world): All chunks are saved
[09:56:16] [Server thread/INFO] (Minecraft) ThreadedAnvilChunkStorage (endless_ocean): All chunks are saved
[09:56:16] [Server thread/INFO] (Minecraft) ThreadedAnvilChunkStorage (upside_down_mountains): All chunks are saved
[09:56:16] [Server thread/INFO] (Minecraft) ThreadedAnvilChunkStorage (dream_world): All chunks are saved
[09:56:16] [Server thread/INFO] (Minecraft) ThreadedAnvilChunkStorage (DIM1): All chunks are saved
[09:56:16] [Server thread/INFO] (Minecraft) ThreadedAnvilChunkStorage (crystal_caves): All chunks are saved
[09:56:16] [Server thread/INFO] (Minecraft) ThreadedAnvilChunkStorage (nightmare_realm): All chunks are saved
[09:56:16] [Server thread/INFO] (Minecraft) ThreadedAnvilChunkStorage (DIM-1): All chunks are saved
[09:56:16] [Server thread/INFO] (Minecraft) ThreadedAnvilChunkStorage (floating_islands): All chunks are saved
[09:56:16] [Server thread/INFO] (Minecraft) ThreadedAnvilChunkStorage: All dimensions are saved
